C:\Users\cselab2-33\AppData\Local\Programs\Python\Python310-32\jerry.py
C:\Users\cselab2-33\AppData\Local\Programs\Python\Python310-32\p.py
C:\Users\cselab2-33\AppData\Local\Programs\Python\Python310-32\python.py
C:\Users\cselab2-33\AppData\Local\Programs\Python\Python310-32\lok.py61.py
C:\Users\cselab2-33\AppData\Local\Programs\Python\Python310-32\exp-21.py
C:\Users\cselab2-33\AppData\Local\Programs\Python\Python310-32\21em5ao222.py
C:\Users\cselab2-33\AppData\Local\Programs\Python\Python310-32\python..py
C:\Users\cselab2-33\AppData\Local\Programs\Python\Python310-32\lok.py81.py
C:\Users\cselab2-33\AppData\Local\Programs\Python\Python310-32\suha.py
C:\Users\cselab2-33\AppData\Local\Programs\Python\Python310-32\tiru.py
C:\Users\cselab2-33\AppData\Local\Programs\Python\Python310-32\1.py
C:\Users\cselab2-33\AppData\Local\Programs\Python\Python310-32\youtube.py
C:\Users\cselab2-33\AppData\Local\Programs\Python\Python310-32\student.py
C:\Users\cselab2-33\AppData\Local\Programs\Python\Python310-32\lok.py71.py
C:\Users\cselab2-33\AppData\Local\Programs\Python\Python310-32\py.py
C:\Users\cselab2-33\AppData\Local\Programs\Python\Python310-32\213\avg.py
C:\Users\cselab2-33\AppData\Local\Programs\Python\Python310-32\213\sum digits.py
C:\Users\cselab2-33\AppData\Local\Programs\Python\Python310-32\exp 27.py
C:\Users\cselab2-33\AppData\Local\Programs\Python\Python310-32\exp 20.py
C:\Users\cselab2-33\AppData\Local\Programs\Python\Python310-32\exp 19.py
C:\Users\cselab2-33\AppData\Local\Programs\Python\Python310-32\tkenter exp2.py
